
> apple-pass@0.1.0 build
> node node_modules/next/dist/bin/next build

   Γû▓ Next.js 15.3.1
   - Environments: .env

   Creating an optimized production build ...
 Γ£ô Compiled successfully in 4.0s
   Skipping validation of types
   Linting ...
node.exe : 
At C:\Program Files\nodejs\npm.ps1:29 char:3
+   & $NODE_EXE $NPM_CLI_JS $args
+   ~~~~~~~~~~~~~~~~~~~~~~~~~~~~~
    + CategoryInfo          : NotSpecified: (:String) [], RemoteException
    + FullyQualifiedErrorId : NativeCommandError
 
Failed to compile.

./app/signup/page.tsx
21:56  Error: Unexpected any. Specify a different type.  @typescript-eslint/no-explicit-any

./components/homepage/integrations.tsx
2:3  Error: 'Shadcnui' is defined but never used.  @typescript-eslint/no-unused-vars
3:3  Error: 'TailwindCSS' is defined but never used.  @typescript-eslint/no-unused-vars
4:3  Error: 'BetterAuth' is defined but never used.  @typescript-eslint/no-unused-vars
5:3  Error: 'Polar' is defined but never used.  @typescript-eslint/no-unused-vars
6:3  Error: 'NeonPostgres' is defined but never used.  @typescript-eslint/no-unused-vars
7:3  Error: 'Nextjs' is defined but never used.  @typescript-eslint/no-unused-vars
26:7  Error: 'IntegrationCard' is assigned a value but never used.  
@typescript-eslint/no-unused-vars

info  - Need to disable some ESLint rules? Learn more here: 
https://nextjs.org/docs/app/api-reference/config/eslint#disabling-rules
